// Jest Snapshot v1, https://goo.gl/fbAQLP

exports[`List renders as expected 1`] = `
<ul
  className="sc-AxjAm juAXlR"
>
  <li>
    <a />
  </li>
  <li>
    <a />
  </li>
  <li>
    <a />
  </li>
  <li>
    <a />
  </li>
</ul>
`;
