// Jest Snapshot v1, https://goo.gl/fbAQLP

exports[`Page renders as expected 1`] = `
<main
  className="sc-AxjAm jFTkVl"
>
  <p>
    this is some content
  </p>
</main>
`;
